// Jest Snapshot v1, https://goo.gl/fbAQLP

exports[`renders correctly 1`] = `
<div
  className="ui card"
  href={undefined}
  onClick={[Function]}
>
  <div
    className="content"
  >
    <h2
      className="ui header"
    >
      Search/Trade a Coin
    </h2>
    <div
      className="ui fluid search"
      field="name"
      onBlur={[Function]}
      onFocus={[Function]}
      onMouseDown={[Function]}
      source={undefined}
    >
      <div
        className="ui fluid icon input"
      >
        <input
          autoComplete="off"
          className="prompt"
          disabled={undefined}
          onChange={[Function]}
          onClick={[Function]}
          placeholder="Coin name or symbol"
          tabIndex="0"
          type="text"
          value=""
        />
        <i
          aria-hidden="true"
          className="search icon"
        />
      </div>
      <div
        className="results transition"
      >
        <div
          className="message empty"
        >
          <div
            className="header"
          >
            No results found.
          </div>
        </div>
      </div>
    </div>
    <table
      className="ui striped table"
    >
      <tbody
        className=""
      />
    </table>
  </div>
</div>
`;
