// Jest Snapshot v1, https://goo.gl/fbAQLP

exports[`renders correctly 1`] = `"You have no games, go join or create a game!"`;
