// Jest Snapshot v1, https://goo.gl/fbAQLP

exports[`renders correctly 1`] = `
<div
  id="pageNotFound"
>
  Error 404: Page not found
</div>
`;
