// Jest Snapshot v1, https://goo.gl/fbAQLP

exports[`renders correctly 1`] = `
<div>
  <h2
    className="ui header"
  >
    Game Actions
  </h2>
  <button
    className="ui medium primary button"
    disabled={undefined}
    onClick={[Function]}
    role="button"
    tabIndex={undefined}
  >
    <i
      aria-hidden="true"
      className="user add icon"
    />
    Join Game
  </button>
  <h2
    className="ui header"
  >
    About This Game
  </h2>
  <div
    className="ui card"
    href={undefined}
    id={undefined}
    onClick={[Function]}
  >
    <div
      className="content"
    >
      <div
        className="header"
      >
        <a
          href="/game/1"
          onClick={[Function]}
        >
          game1
        </a>
        <span
          className="false undefined"
        >
          
        </span>
      </div>
      <div
        className="meta"
      >
        desc1
      </div>
      <div
        className="description"
      >
        Created 
        <strong>
          37 days
           ago
        </strong>
         by 
        <strong>
          user1
        </strong>
         to start on 
        <strong>
          04/02/2018
        </strong>
         and end 
        on
         
        <strong>
          05/07/2018
        </strong>
      </div>
    </div>
    <div
      className="extra content"
    >
      2
       player
      s
    </div>
  </div>
  <h2
    className="ui header"
  >
    Game Settings
  </h2>
  <div
    className="ui two column grid"
  >
    <div
      className="row"
    >
      <div
        className="column"
      >
        <div
          className="undefined undefined"
        >
          <label>
            Player Portfolios:
          </label>
          <p>
            Public
          </p>
        </div>
      </div>
      <div
        className="column"
      >
        <div
          className="undefined undefined"
        >
          <label>
            Starting Balance:
          </label>
          <p>
            $10,000.00
          </p>
        </div>
      </div>
    </div>
    <div
      className="row"
    >
      <div
        className="column"
      >
        <div
          className={undefined}
        >
          <label>
            Trade Commission:
          </label>
          <p>
            $10.00
          </p>
        </div>
      </div>
      <div
        className="column"
      >
        <div
          className={undefined}
        >
          <label>
            Short Selling:
          </label>
          <p>
            Enabled
          </p>
        </div>
      </div>
    </div>
    <div
      className="row"
    >
      <div
        className="column"
      >
        <div
          className={undefined}
        >
          <label>
            Limit Orders:
          </label>
          <p>
            Enabled
          </p>
        </div>
      </div>
      <div
        className="column"
      >
        <div
          className={undefined}
        >
          <label>
            Stop Orders:
          </label>
          <p>
            Enabled
          </p>
        </div>
      </div>
    </div>
    <div
      className="row"
    >
      <div
        className="column"
      >
        <div
          className={undefined}
        >
          <label>
            Game Access:
          </label>
          <p>
            Public
          </p>
        </div>
      </div>
    </div>
  </div>
</div>
`;
